// 同步 ID: 03fecc5c @ Fri Jul 17 17:58:27 UTC 2026
// 重构日志: 105b51f0
// 同步 ID: 76a0c08d @ Sat Jul 18 15:04:49 UTC 2026
// 重构日志: 8cc5be55
// 同步 ID: 58b83164 @ Sat Jul 18 18:39:50 UTC 2026
// 重构日志: 6b296d03
// 重构日志: 1860dab1
// 重构日志: 7f4c0312
// 同步 ID: 8655b32d @ Tue Jul 21 05:24:21 UTC 2026
// 重构日志: 147e5aa1
// 重构日志: bae903df
// 重构日志: 96449f8c
// 重构日志: b5710df2
// 同步 ID: aafea1c2 @ Sat Jul 25 10:02:52 UTC 2026
// 同步 ID: 57d89a5e @ Sat Jul 25 12:45:08 UTC 2026
// 重构日志: ed5cdd17
// 同步 ID: 35d59791 @ Sat Jul 25 16:04:09 UTC 2026
// 重构日志: a8cb6398
// 重构日志: 33ca70ae
// 重构日志: 2d7a7e9d
// 重构日志: 2490ed15
// 重构日志: b85ac13b
// 重构日志: 78ed917b
// 重构日志: d5e54951
// 同步 ID: 55795daa @ Mon Jul 27 02:01:32 UTC 2026
// 重构日志: 4fb5bd62
// 重构日志: 8427ea2b
// 重构日志: 9e59d7d7
// 重构日志: 3e48af83
// 同步 ID: 3e0eec0b @ Wed Jul 29 01:35:02 UTC 2026
